Archive member included to satisfy reference by file (symbol)

/opt/st/stm32cubeide_1.1.0/plugins/com.st.stm32cube.ide.mcu.externaltools.gnu-tools-for-stm32.7-2018-q2-update.linux64_1.0.0.201904181610/tools/bin/../lib/gcc/arm-none-eabi/7.3.1/../../../../arm-none-eabi/lib/thumb/v7-m/libc_nano.a(lib_a-errno.o)
                              Core/Src/syscalls.o (__errno)
/opt/st/stm32cubeide_1.1.0/plugins/com.st.stm32cube.ide.mcu.externaltools.gnu-tools-for-stm32.7-2018-q2-update.linux64_1.0.0.201904181610/tools/bin/../lib/gcc/arm-none-eabi/7.3.1/../../../../arm-none-eabi/lib/thumb/v7-m/libc_nano.a(lib_a-exit.o)
                              /opt/st/stm32cubeide_1.1.0/plugins/com.st.stm32cube.ide.mcu.externaltools.gnu-tools-for-stm32.7-2018-q2-update.linux64_1.0.0.201904181610/tools/bin/../lib/gcc/arm-none-eabi/7.3.1/../../../../arm-none-eabi/lib/thumb/v7-m/crt0.o (exit)
/opt/st/stm32cubeide_1.1.0/plugins/com.st.stm32cube.ide.mcu.externaltools.gnu-tools-for-stm32.7-2018-q2-update.linux64_1.0.0.201904181610/tools/bin/../lib/gcc/arm-none-eabi/7.3.1/../../../../arm-none-eabi/lib/thumb/v7-m/libc_nano.a(lib_a-impure.o)
                              /opt/st/stm32cubeide_1.1.0/plugins/com.st.stm32cube.ide.mcu.externaltools.gnu-tools-for-stm32.7-2018-q2-update.linux64_1.0.0.201904181610/tools/bin/../lib/gcc/arm-none-eabi/7.3.1/../../../../arm-none-eabi/lib/thumb/v7-m/libc_nano.a(lib_a-exit.o) (_global_impure_ptr)
/opt/st/stm32cubeide_1.1.0/plugins/com.st.stm32cube.ide.mcu.externaltools.gnu-tools-for-stm32.7-2018-q2-update.linux64_1.0.0.201904181610/tools/bin/../lib/gcc/arm-none-eabi/7.3.1/../../../../arm-none-eabi/lib/thumb/v7-m/libc_nano.a(lib_a-init.o)
                              /opt/st/stm32cubeide_1.1.0/plugins/com.st.stm32cube.ide.mcu.externaltools.gnu-tools-for-stm32.7-2018-q2-update.linux64_1.0.0.201904181610/tools/bin/../lib/gcc/arm-none-eabi/7.3.1/../../../../arm-none-eabi/lib/thumb/v7-m/crt0.o (__libc_init_array)
/opt/st/stm32cubeide_1.1.0/plugins/com.st.stm32cube.ide.mcu.externaltools.gnu-tools-for-stm32.7-2018-q2-update.linux64_1.0.0.201904181610/tools/bin/../lib/gcc/arm-none-eabi/7.3.1/../../../../arm-none-eabi/lib/thumb/v7-m/libc_nano.a(lib_a-memset.o)
                              /opt/st/stm32cubeide_1.1.0/plugins/com.st.stm32cube.ide.mcu.externaltools.gnu-tools-for-stm32.7-2018-q2-update.linux64_1.0.0.201904181610/tools/bin/../lib/gcc/arm-none-eabi/7.3.1/../../../../arm-none-eabi/lib/thumb/v7-m/crt0.o (memset)

Allocating common symbols
Common symbol       size              file

hUsbDeviceFS        0x2c4             USB_DEVICE/App/usb_device.o
uwTick              0x4               Drivers/STM32F1xx_HAL_Driver/Src/stm32f1xx_hal.o
pFlash              0x20              Drivers/STM32F1xx_HAL_Driver/Src/stm32f1xx_hal_flash.o
hpcd_USB_FS         0x26c             USB_DEVICE/Target/usbd_conf.o
USBD_StrDesc        0x200             USB_DEVICE/App/usbd_desc.o

Discarded input sections

 .text          0x0000000000000000        0x0 /opt/st/stm32cubeide_1.1.0/plugins/com.st.stm32cube.ide.mcu.externaltools.gnu-tools-for-stm32.7-2018-q2-update.linux64_1.0.0.201904181610/tools/bin/../lib/gcc/arm-none-eabi/7.3.1/thumb/v7-m/crti.o
 .data          0x0000000000000000        0x0 /opt/st/stm32cubeide_1.1.0/plugins/com.st.stm32cube.ide.mcu.externaltools.gnu-tools-for-stm32.7-2018-q2-update.linux64_1.0.0.201904181610/tools/bin/../lib/gcc/arm-none-eabi/7.3.1/thumb/v7-m/crti.o
 .bss           0x0000000000000000        0x0 /opt/st/stm32cubeide_1.1.0/plugins/com.st.stm32cube.ide.mcu.externaltools.gnu-tools-for-stm32.7-2018-q2-update.linux64_1.0.0.201904181610/tools/bin/../lib/gcc/arm-none-eabi/7.3.1/thumb/v7-m/crti.o
 .data          0x0000000000000000        0x4 /opt/st/stm32cubeide_1.1.0/plugins/com.st.stm32cube.ide.mcu.externaltools.gnu-tools-for-stm32.7-2018-q2-update.linux64_1.0.0.201904181610/tools/bin/../lib/gcc/arm-none-eabi/7.3.1/thumb/v7-m/crtbegin.o
 .text          0x0000000000000000       0x74 /opt/st/stm32cubeide_1.1.0/plugins/com.st.stm32cube.ide.mcu.externaltools.gnu-tools-for-stm32.7-2018-q2-update.linux64_1.0.0.201904181610/tools/bin/../lib/gcc/arm-none-eabi/7.3.1/../../../../arm-none-eabi/lib/thumb/v7-m/crt0.o
 .data          0x0000000000000000        0x0 /opt/st/stm32cubeide_1.1.0/plugins/com.st.stm32cube.ide.mcu.externaltools.gnu-tools-for-stm32.7-2018-q2-update.linux64_1.0.0.201904181610/tools/bin/../lib/gcc/arm-none-eabi/7.3.1/../../../../arm-none-eabi/lib/thumb/v7-m/crt0.o
 .bss           0x0000000000000000        0x0 /opt/st/stm32cubeide_1.1.0/plugins/com.st.stm32cube.ide.mcu.externaltools.gnu-tools-for-stm32.7-2018-q2-update.linux64_1.0.0.201904181610/tools/bin/../lib/gcc/arm-none-eabi/7.3.1/../../../../arm-none-eabi/lib/thumb/v7-m/crt0.o
[...]
Memory Configuration

Name             Origin             Length             Attributes
RAM              0x0000000020000000 0x0000000000005000 xrw
FLASH            0x0000000008000000 0x0000000000010000 xr
*default*        0x0000000000000000 0xffffffffffffffff

Linker script and memory map

LOAD /opt/st/stm32cubeide_1.1.0/plugins/com.st.stm32cube.ide.mcu.externaltools.gnu-tools-for-stm32.7-2018-q2-update.linux64_1.0.0.201904181610/tools/bin/../lib/gcc/arm-none-eabi/7.3.1/thumb/v7-m/crti.o
LOAD /opt/st/stm32cubeide_1.1.0/plugins/com.st.stm32cube.ide.mcu.externaltools.gnu-tools-for-stm32.7-2018-q2-update.linux64_1.0.0.201904181610/tools/bin/../lib/gcc/arm-none-eabi/7.3.1/thumb/v7-m/crtbegin.o
LOAD /opt/st/stm32cubeide_1.1.0/plugins/com.st.stm32cube.ide.mcu.externaltools.gnu-tools-for-stm32.7-2018-q2-update.linux64_1.0.0.201904181610/tools/bin/../lib/gcc/arm-none-eabi/7.3.1/../../../../arm-none-eabi/lib/thumb/v7-m/crt0.o
LOAD Core/Src/main.o
LOAD Core/Src/stm32f1xx_hal_msp.o
LOAD Core/Src/stm32f1xx_it.o
LOAD Core/Src/syscalls.o
LOAD Core/Src/sysmem.o
LOAD Core/Src/system_stm32f1xx.o
LOAD Core/Startup/startup_stm32f103c8tx.o
LOAD Drivers/STM32F1xx_HAL_Driver/Src/stm32f1xx_hal.o
LOAD Drivers/STM32F1xx_HAL_Driver/Src/stm32f1xx_hal_cortex.o
LOAD Drivers/STM32F1xx_HAL_Driver/Src/stm32f1xx_hal_dma.o
LOAD Drivers/STM32F1xx_HAL_Driver/Src/stm32f1xx_hal_exti.o
LOAD Drivers/STM32F1xx_HAL_Driver/Src/stm32f1xx_hal_flash.o
LOAD Drivers/STM32F1xx_HAL_Driver/Src/stm32f1xx_hal_flash_ex.o
LOAD Drivers/STM32F1xx_HAL_Driver/Src/stm32f1xx_hal_gpio.o
LOAD Drivers/STM32F1xx_HAL_Driver/Src/stm32f1xx_hal_gpio_ex.o
LOAD Drivers/STM32F1xx_HAL_Driver/Src/stm32f1xx_hal_pcd.o
LOAD Drivers/STM32F1xx_HAL_Driver/Src/stm32f1xx_hal_pcd_ex.o
LOAD Drivers/STM32F1xx_HAL_Driver/Src/stm32f1xx_hal_pwr.o
LOAD Drivers/STM32F1xx_HAL_Driver/Src/stm32f1xx_hal_rcc.o
LOAD Drivers/STM32F1xx_HAL_Driver/Src/stm32f1xx_hal_rcc_ex.o
LOAD Drivers/STM32F1xx_HAL_Driver/Src/stm32f1xx_hal_tim.o
LOAD Drivers/STM32F1xx_HAL_Driver/Src/stm32f1xx_hal_tim_ex.o
LOAD Drivers/STM32F1xx_HAL_Driver/Src/stm32f1xx_ll_usb.o
LOAD Middlewares/ST/STM32_USB_Device_Library/Class/CustomHID/Src/usbd_customhid.o
LOAD Middlewares/ST/STM32_USB_Device_Library/Core/Src/usbd_core.o
LOAD Middlewares/ST/STM32_USB_Device_Library/Core/Src/usbd_ctlreq.o
LOAD Middlewares/ST/STM32_USB_Device_Library/Core/Src/usbd_ioreq.o
LOAD USB_DEVICE/App/usb_device.o
LOAD USB_DEVICE/App/usbd_custom_hid_if.o
LOAD USB_DEVICE/App/usbd_desc.o
LOAD USB_DEVICE/Target/usbd_conf.o
START GROUP
LOAD /opt/st/stm32cubeide_1.1.0/plugins/com.st.stm32cube.ide.mcu.externaltools.gnu-tools-for-stm32.7-2018-q2-update.linux64_1.0.0.201904181610/tools/bin/../lib/gcc/arm-none-eabi/7.3.1/../../../../arm-none-eabi/lib/thumb/v7-m/libc_nano.a
LOAD /opt/st/stm32cubeide_1.1.0/plugins/com.st.stm32cube.ide.mcu.externaltools.gnu-tools-for-stm32.7-2018-q2-update.linux64_1.0.0.201904181610/tools/bin/../lib/gcc/arm-none-eabi/7.3.1/../../../../arm-none-eabi/lib/thumb/v7-m/libm.a
END GROUP
START GROUP
LOAD /opt/st/stm32cubeide_1.1.0/plugins/com.st.stm32cube.ide.mcu.externaltools.gnu-tools-for-stm32.7-2018-q2-update.linux64_1.0.0.201904181610/tools/bin/../lib/gcc/arm-none-eabi/7.3.1/thumb/v7-m/libgcc.a
LOAD /opt/st/stm32cubeide_1.1.0/plugins/com.st.stm32cube.ide.mcu.externaltools.gnu-tools-for-stm32.7-2018-q2-update.linux64_1.0.0.201904181610/tools/bin/../lib/gcc/arm-none-eabi/7.3.1/../../../../arm-none-eabi/lib/thumb/v7-m/libc_nano.a
END GROUP
START GROUP
LOAD /opt/st/stm32cubeide_1.1.0/plugins/com.st.stm32cube.ide.mcu.externaltools.gnu-tools-for-stm32.7-2018-q2-update.linux64_1.0.0.201904181610/tools/bin/../lib/gcc/arm-none-eabi/7.3.1/thumb/v7-m/libgcc.a
LOAD /opt/st/stm32cubeide_1.1.0/plugins/com.st.stm32cube.ide.mcu.externaltools.gnu-tools-for-stm32.7-2018-q2-update.linux64_1.0.0.201904181610/tools/bin/../lib/gcc/arm-none-eabi/7.3.1/../../../../arm-none-eabi/lib/thumb/v7-m/libc_nano.a
LOAD /opt/st/stm32cubeide_1.1.0/plugins/com.st.stm32cube.ide.mcu.externaltools.gnu-tools-for-stm32.7-2018-q2-update.linux64_1.0.0.201904181610/tools/bin/../lib/gcc/arm-none-eabi/7.3.1/../../../../arm-none-eabi/lib/thumb/v7-m/libnosys.a
END GROUP
START GROUP
LOAD /opt/st/stm32cubeide_1.1.0/plugins/com.st.stm32cube.ide.mcu.externaltools.gnu-tools-for-stm32.7-2018-q2-update.linux64_1.0.0.201904181610/tools/bin/../lib/gcc/arm-none-eabi/7.3.1/thumb/v7-m/libgcc.a
LOAD /opt/st/stm32cubeide_1.1.0/plugins/com.st.stm32cube.ide.mcu.externaltools.gnu-tools-for-stm32.7-2018-q2-update.linux64_1.0.0.201904181610/tools/bin/../lib/gcc/arm-none-eabi/7.3.1/../../../../arm-none-eabi/lib/thumb/v7-m/libc_nano.a
LOAD /opt/st/stm32cubeide_1.1.0/plugins/com.st.stm32cube.ide.mcu.externaltools.gnu-tools-for-stm32.7-2018-q2-update.linux64_1.0.0.201904181610/tools/bin/../lib/gcc/arm-none-eabi/7.3.1/../../../../arm-none-eabi/lib/thumb/v7-m/libnosys.a
END GROUP
LOAD /opt/st/stm32cubeide_1.1.0/plugins/com.st.stm32cube.ide.mcu.externaltools.gnu-tools-for-stm32.7-2018-q2-update.linux64_1.0.0.201904181610/tools/bin/../lib/gcc/arm-none-eabi/7.3.1/thumb/v7-m/crtend.o
LOAD /opt/st/stm32cubeide_1.1.0/plugins/com.st.stm32cube.ide.mcu.externaltools.gnu-tools-for-stm32.7-2018-q2-update.linux64_1.0.0.201904181610/tools/bin/../lib/gcc/arm-none-eabi/7.3.1/thumb/v7-m/crtn.o
                0x0000000020005000                _estack = (ORIGIN (RAM) + LENGTH (RAM))
                0x0000000000000200                _Min_Heap_Size = 0x200
                0x0000000000000400                _Min_Stack_Size = 0x400

.isr_vector     0x0000000008000000      0x10c
                0x0000000008000000                . = ALIGN (0x4)
 *(.isr_vector)
 .isr_vector    0x0000000008000000      0x10c Core/Startup/startup_stm32f103c8tx.o
                0x0000000008000000                g_pfnVectors
                0x000000000800010c                . = ALIGN (0x4)

.text           0x000000000800010c     0x5164
                0x000000000800010c                . = ALIGN (0x4)
 *(.text)
 .text          0x000000000800010c       0x40 /opt/st/stm32cubeide_1.1.0/plugins/com.st.stm32cube.ide.mcu.externaltools.gnu-tools-for-stm32.7-2018-q2-update.linux64_1.0.0.201904181610/tools/bin/../lib/gcc/arm-none-eabi/7.3.1/thumb/v7-m/crtbegin.o
 *(.text*)
 .text.main     0x000000000800014c       0xa4 Core/Src/main.o
                0x000000000800014c                main
 .text.SystemClock_Config
                0x00000000080001f0       0xb4 Core/Src/main.o
                0x00000000080001f0                SystemClock_Config
 .text.MX_GPIO_Init
                0x00000000080002a4       0xcc Core/Src/main.o
 .text.Error_Handler
                0x0000000008000370        0xc Core/Src/main.o
                0x0000000008000370                Error_Handler
 .text.HAL_MspInit
                0x000000000800037c       0x64 Core/Src/stm32f1xx_hal_msp.o
                0x000000000800037c                HAL_MspInit
 .text.NMI_Handler
                0x00000000080003e0        0xc Core/Src/stm32f1xx_it.o
                0x00000000080003e0                NMI_Handler
 .text.HardFault_Handler
                0x00000000080003ec        0x6 Core/Src/stm32f1xx_it.o
                0x00000000080003ec                HardFault_Handler
 .text.MemManage_Handler
                0x00000000080003f2        0x6 Core/Src/stm32f1xx_it.o
                0x00000000080003f2                MemManage_Handler
 .text.BusFault_Handler
                0x00000000080003f8        0x6 Core/Src/stm32f1xx_it.o
                0x00000000080003f8                BusFault_Handler
 .text.UsageFault_Handler
                0x00000000080003fe        0x6 Core/Src/stm32f1xx_it.o
                0x00000000080003fe                UsageFault_Handler
 .text.SVC_Handler
                0x0000000008000404        0xc Core/Src/stm32f1xx_it.o
                0x0000000008000404                SVC_Handler
 .text.DebugMon_Handler
                0x0000000008000410        0xc Core/Src/stm32f1xx_it.o
                0x0000000008000410                DebugMon_Handler
 .text.PendSV_Handler
                0x000000000800041c        0xc Core/Src/stm32f1xx_it.o
                0x000000000800041c                PendSV_Handler
 .text.SysTick_Handler
                0x0000000008000428        0xc Core/Src/stm32f1xx_it.o
                0x0000000008000428                SysTick_Handler
 .text.USB_LP_CAN1_RX0_IRQHandler
                0x0000000008000434       0x14 Core/Src/stm32f1xx_it.o
                0x0000000008000434                USB_LP_CAN1_RX0_IRQHandler
 .text.SystemInit
                0x0000000008000448       0x68 Core/Src/system_stm32f1xx.o
                0x0000000008000448                SystemInit
 .text.Reset_Handler
                0x00000000080004b0       0x48 Core/Startup/startup_stm32f103c8tx.o
                0x00000000080004b0                Reset_Handler
 .text.Default_Handler
                0x00000000080004f8        0x2 Core/Startup/startup_stm32f103c8tx.o
                0x00000000080004f8                RTC_Alarm_IRQHandler
                0x00000000080004f8                EXTI2_IRQHandler
                0x00000000080004f8                TIM1_CC_IRQHandler
                0x00000000080004f8                PVD_IRQHandler
                0x00000000080004f8                EXTI3_IRQHandler
                0x00000000080004f8                EXTI0_IRQHandler
                0x00000000080004f8                I2C2_EV_IRQHandler
                0x00000000080004f8                ADC1_2_IRQHandler
                0x00000000080004f8                SPI1_IRQHandler
                0x00000000080004f8                TAMPER_IRQHandler
                0x00000000080004f8                DMA1_Channel4_IRQHandler
                0x00000000080004f8                USART3_IRQHandler
                0x00000000080004f8                RTC_IRQHandler
                0x00000000080004f8                DMA1_Channel7_IRQHandler
                0x00000000080004f8                CAN1_RX1_IRQHandler
                0x00000000080004f8                TIM4_IRQHandler
                0x00000000080004f8                I2C1_EV_IRQHandler
                0x00000000080004f8                DMA1_Channel6_IRQHandler
                0x00000000080004f8                TIM3_IRQHandler
                0x00000000080004f8                RCC_IRQHandler
                0x00000000080004f8                TIM1_TRG_COM_IRQHandler
                0x00000000080004f8                DMA1_Channel1_IRQHandler
                0x00000000080004f8                Default_Handler
                0x00000000080004f8                EXTI15_10_IRQHandler
                0x00000000080004f8                EXTI9_5_IRQHandler
                0x00000000080004f8                SPI2_IRQHandler
                0x00000000080004f8                DMA1_Channel5_IRQHandler
                0x00000000080004f8                EXTI4_IRQHandler
                0x00000000080004f8                USB_HP_CAN1_TX_IRQHandler
                0x00000000080004f8                DMA1_Channel3_IRQHandler
                0x00000000080004f8                TIM1_UP_IRQHandler
                0x00000000080004f8                WWDG_IRQHandler
                0x00000000080004f8                TIM2_IRQHandler
                0x00000000080004f8                TIM1_BRK_IRQHandler
                0x00000000080004f8                EXTI1_IRQHandler
                0x00000000080004f8                USART2_IRQHandler
                0x00000000080004f8                I2C2_ER_IRQHandler
                0x00000000080004f8                DMA1_Channel2_IRQHandler
                0x00000000080004f8                CAN1_SCE_IRQHandler
                0x00000000080004f8                FLASH_IRQHandler
                0x00000000080004f8                USART1_IRQHandler
                0x00000000080004f8                I2C1_ER_IRQHandler
                0x00000000080004f8                USBWakeUp_IRQHandler
 *fill*         0x00000000080004fa        0x2 
 .text.HAL_Init
                0x00000000080004fc       0x2c Drivers/STM32F1xx_HAL_Driver/Src/stm32f1xx_hal.o
                0x00000000080004fc                HAL_Init
 .text.HAL_InitTick
                0x0000000008000528       0x60 Drivers/STM32F1xx_HAL_Driver/Src/stm32f1xx_hal.o
                0x0000000008000528                HAL_InitTick
 .text.HAL_IncTick
                0x0000000008000588       0x24 Drivers/STM32F1xx_HAL_Driver/Src/stm32f1xx_hal.o
                0x0000000008000588                HAL_IncTick
 .text.HAL_GetTick
                0x00000000080005ac       0x14 Drivers/STM32F1xx_HAL_Driver/Src/stm32f1xx_hal.o
                0x00000000080005ac                HAL_GetTick
 .text.HAL_Delay
                0x00000000080005c0       0x44 Drivers/STM32F1xx_HAL_Driver/Src/stm32f1xx_hal.o
                0x00000000080005c0                HAL_Delay
 .text.__NVIC_SetPriorityGrouping
                0x0000000008000604       0x48 Drivers/STM32F1xx_HAL_Driver/Src/stm32f1xx_hal_cortex.o
 .text.__NVIC_GetPriorityGrouping
                0x000000000800064c       0x1c Drivers/STM32F1xx_HAL_Driver/Src/stm32f1xx_hal_cortex.o
 .text.__NVIC_EnableIRQ
                0x0000000008000668       0x38 Drivers/STM32F1xx_HAL_Driver/Src/stm32f1xx_hal_cortex.o
 .text.__NVIC_SetPriority
                0x00000000080006a0       0x54 Drivers/STM32F1xx_HAL_Driver/Src/stm32f1xx_hal_cortex.o
 .text.NVIC_EncodePriority
                0x00000000080006f4       0x64 Drivers/STM32F1xx_HAL_Driver/Src/stm32f1xx_hal_cortex.o
 .text.SysTick_Config
                0x0000000008000758       0x44 Drivers/STM32F1xx_HAL_Driver/Src/stm32f1xx_hal_cortex.o
 .text.HAL_NVIC_SetPriorityGrouping
                0x000000000800079c       0x16 Drivers/STM32F1xx_HAL_Driver/Src/stm32f1xx_hal_cortex.o
                0x000000000800079c                HAL_NVIC_SetPriorityGrouping
 .text.HAL_NVIC_SetPriority
                0x00000000080007b2       0x38 Drivers/STM32F1xx_HAL_Driver/Src/stm32f1xx_hal_cortex.o
                0x00000000080007b2                HAL_NVIC_SetPriority
 .text.HAL_NVIC_EnableIRQ
                0x00000000080007ea       0x1c Drivers/STM32F1xx_HAL_Driver/Src/stm32f1xx_hal_cortex.o
                0x00000000080007ea                HAL_NVIC_EnableIRQ
 .text.HAL_SYSTICK_Config
                0x0000000008000806       0x18 Drivers/STM32F1xx_HAL_Driver/Src/stm32f1xx_hal_cortex.o
                0x0000000008000806                HAL_SYSTICK_Config
 *fill*         0x000000000800081e        0x2 
 .text.HAL_GPIO_Init
                0x0000000008000820      0x2b4 Drivers/STM32F1xx_HAL_Driver/Src/stm32f1xx_hal_gpio.o
                0x0000000008000820                HAL_GPIO_Init
 .text.HAL_GPIO_ReadPin
                0x0000000008000ad4       0x2e Drivers/STM32F1xx_HAL_Driver/Src/stm32f1xx_hal_gpio.o
                0x0000000008000ad4                HAL_GPIO_ReadPin
 .text.HAL_GPIO_WritePin
                0x0000000008000b02       0x30 Drivers/STM32F1xx_HAL_Driver/Src/stm32f1xx_hal_gpio.o
                0x0000000008000b02                HAL_GPIO_WritePin
 .text.HAL_PCD_Init
                0x0000000008000b32      0x1c2 Drivers/STM32F1xx_HAL_Driver/Src/stm32f1xx_hal_pcd.o
                0x0000000008000b32                HAL_PCD_Init
 .text.HAL_PCD_Start
                0x0000000008000cf4       0x4c Drivers/STM32F1xx_HAL_Driver/Src/stm32f1xx_hal_pcd.o
                0x0000000008000cf4                HAL_PCD_Start
 .text.HAL_PCD_IRQHandler
                0x0000000008000d40      0x21c Drivers/STM32F1xx_HAL_Driver/Src/stm32f1xx_hal_pcd.o
                0x0000000008000d40                HAL_PCD_IRQHandler
 .text.HAL_PCD_SetAddress
                0x0000000008000f5c       0x4a Drivers/STM32F1xx_HAL_Driver/Src/stm32f1xx_hal_pcd.o
                0x0000000008000f5c                HAL_PCD_SetAddress
 .text.HAL_PCD_EP_Open
                0x0000000008000fa6       0xc0 Drivers/STM32F1xx_HAL_Driver/Src/stm32f1xx_hal_pcd.o
                0x0000000008000fa6                HAL_PCD_EP_Open
 .text.HAL_PCD_EP_Close
                0x0000000008001066       0x84 Drivers/STM32F1xx_HAL_Driver/Src/stm32f1xx_hal_pcd.o
                0x0000000008001066                HAL_PCD_EP_Close
 .text.HAL_PCD_EP_Receive
                0x00000000080010ea       0x74 Drivers/STM32F1xx_HAL_Driver/Src/stm32f1xx_hal_pcd.o
                0x00000000080010ea                HAL_PCD_EP_Receive
 .text.HAL_PCD_EP_Transmit
                0x000000000800115e       0x72 Drivers/STM32F1xx_HAL_Driver/Src/stm32f1xx_hal_pcd.o
                0x000000000800115e                HAL_PCD_EP_Transmit
 .text.HAL_PCD_EP_SetStall
                0x00000000080011d0       0xb4 Drivers/STM32F1xx_HAL_Driver/Src/stm32f1xx_hal_pcd.o
                0x00000000080011d0                HAL_PCD_EP_SetStall
 .text.HAL_PCD_EP_ClrStall
                0x0000000008001284       0x9c Drivers/STM32F1xx_HAL_Driver/Src/stm32f1xx_hal_pcd.o
                0x0000000008001284                HAL_PCD_EP_ClrStall
 .text.PCD_EP_ISR_Handler
                0x0000000008001320      0x534 Drivers/STM32F1xx_HAL_Driver/Src/stm32f1xx_hal_pcd.o
 .text.HAL_PCDEx_PMAConfig
                0x0000000008001854       0x78 Drivers/STM32F1xx_HAL_Driver/Src/stm32f1xx_hal_pcd_ex.o
                0x0000000008001854                HAL_PCDEx_PMAConfig
 .text.HAL_RCC_OscConfig
                0x00000000080018cc      0x500 Drivers/STM32F1xx_HAL_Driver/Src/stm32f1xx_hal_rcc.o
                0x00000000080018cc                HAL_RCC_OscConfig
 .text.HAL_RCC_ClockConfig
                0x0000000008001dcc      0x1d4 Drivers/STM32F1xx_HAL_Driver/Src/stm32f1xx_hal_rcc.o
                0x0000000008001dcc                HAL_RCC_ClockConfig
 .text.HAL_RCC_GetSysClockFreq
                0x0000000008001fa0       0xc4 Drivers/STM32F1xx_HAL_Driver/Src/stm32f1xx_hal_rcc.o
                0x0000000008001fa0                HAL_RCC_GetSysClockFreq
 .text.RCC_Delay
                0x0000000008002064       0x3c Drivers/STM32F1xx_HAL_Driver/Src/stm32f1xx_hal_rcc.o
 .text.HAL_RCCEx_PeriphCLKConfig
                0x00000000080020a0      0x16c Drivers/STM32F1xx_HAL_Driver/Src/stm32f1xx_hal_rcc_ex.o
                0x00000000080020a0                HAL_RCCEx_PeriphCLKConfig
 .text.USB_CoreInit
                0x000000000800220c       0x20 Drivers/STM32F1xx_HAL_Driver/Src/stm32f1xx_ll_usb.o
                0x000000000800220c                USB_CoreInit
 .text.USB_EnableGlobalInt
                0x000000000800222c       0x2e Drivers/STM32F1xx_HAL_Driver/Src/stm32f1xx_ll_usb.o
                0x000000000800222c                USB_EnableGlobalInt
 .text.USB_DisableGlobalInt
                0x000000000800225a       0x38 Drivers/STM32F1xx_HAL_Driver/Src/stm32f1xx_ll_usb.o
                0x000000000800225a                USB_DisableGlobalInt
 .text.USB_SetCurrentMode
                0x0000000008002292       0x18 Drivers/STM32F1xx_HAL_Driver/Src/stm32f1xx_ll_usb.o
                0x0000000008002292                USB_SetCurrentMode
 .text.USB_DevInit
                0x00000000080022aa       0x48 Drivers/STM32F1xx_HAL_Driver/Src/stm32f1xx_ll_usb.o
                0x00000000080022aa                USB_DevInit
 *fill*         0x00000000080022f2        0x2 
 .text.USB_ActivateEndpoint
                0x00000000080022f4      0x5dc Drivers/STM32F1xx_HAL_Driver/Src/stm32f1xx_ll_usb.o
                0x00000000080022f4                USB_ActivateEndpoint
 .text.USB_DeactivateEndpoint
                0x00000000080028d0      0x32c Drivers/STM32F1xx_HAL_Driver/Src/stm32f1xx_ll_usb.o
                0x00000000080028d0                USB_DeactivateEndpoint
 .text.USB_EPStartXfer
                0x0000000008002bfc      0x570 Drivers/STM32F1xx_HAL_Driver/Src/stm32f1xx_ll_usb.o
                0x0000000008002bfc                USB_EPStartXfer
 .text.USB_EPSetStall
                0x000000000800316c       0x84 Drivers/STM32F1xx_HAL_Driver/Src/stm32f1xx_ll_usb.o
                0x000000000800316c                USB_EPSetStall
 .text.USB_EPClearStall
                0x00000000080031f0      0x128 Drivers/STM32F1xx_HAL_Driver/Src/stm32f1xx_ll_usb.o
                0x00000000080031f0                USB_EPClearStall
 .text.USB_SetDevAddress
                0x0000000008003318       0x26 Drivers/STM32F1xx_HAL_Driver/Src/stm32f1xx_ll_usb.o
                0x0000000008003318                USB_SetDevAddress
 .text.USB_DevConnect
                0x000000000800333e       0x14 Drivers/STM32F1xx_HAL_Driver/Src/stm32f1xx_ll_usb.o
                0x000000000800333e                USB_DevConnect
 .text.USB_DevDisconnect
                0x0000000008003352       0x14 Drivers/STM32F1xx_HAL_Driver/Src/stm32f1xx_ll_usb.o
                0x0000000008003352                USB_DevDisconnect
 .text.USB_ReadInterrupts
                0x0000000008003366       0x1e Drivers/STM32F1xx_HAL_Driver/Src/stm32f1xx_ll_usb.o
                0x0000000008003366                USB_ReadInterrupts
 .text.USB_EP0_OutStart
                0x0000000008003384       0x16 Drivers/STM32F1xx_HAL_Driver/Src/stm32f1xx_ll_usb.o
                0x0000000008003384                USB_EP0_OutStart
 .text.USB_WritePMA
                0x000000000800339a       0x88 Drivers/STM32F1xx_HAL_Driver/Src/stm32f1xx_ll_usb.o
                0x000000000800339a                USB_WritePMA
 .text.USB_ReadPMA
                0x0000000008003422       0x9e Drivers/STM32F1xx_HAL_Driver/Src/stm32f1xx_ll_usb.o
                0x0000000008003422                USB_ReadPMA
 .text.USBD_CUSTOM_HID_Init
                0x00000000080034c0       0x82 Middlewares/ST/STM32_USB_Device_Library/Class/CustomHID/Src/usbd_customhid.o
 .text.USBD_CUSTOM_HID_DeInit
                0x0000000008003542       0x5c Middlewares/ST/STM32_USB_Device_Library/Class/CustomHID/Src/usbd_customhid.o
 *fill*         0x000000000800359e        0x2 
 .text.USBD_CUSTOM_HID_Setup
                0x00000000080035a0      0x200 Middlewares/ST/STM32_USB_Device_Library/Class/CustomHID/Src/usbd_customhid.o
 .text.USBD_CUSTOM_HID_SendReport
                0x00000000080037a0       0x4a Middlewares/ST/STM32_USB_Device_Library/Class/CustomHID/Src/usbd_customhid.o
                0x00000000080037a0                USBD_CUSTOM_HID_SendReport
 *fill*         0x00000000080037ea        0x2 
 .text.USBD_CUSTOM_HID_GetFSCfgDesc
                0x00000000080037ec       0x20 Middlewares/ST/STM32_USB_Device_Library/Class/CustomHID/Src/usbd_customhid.o
 .text.USBD_CUSTOM_HID_GetHSCfgDesc
                0x000000000800380c       0x20 Middlewares/ST/STM32_USB_Device_Library/Class/CustomHID/Src/usbd_customhid.o
 .text.USBD_CUSTOM_HID_GetOtherSpeedCfgDesc
                0x000000000800382c       0x20 Middlewares/ST/STM32_USB_Device_Library/Class/CustomHID/Src/usbd_customhid.o
 .text.USBD_CUSTOM_HID_DataIn
                0x000000000800384c       0x22 Middlewares/ST/STM32_USB_Device_Library/Class/CustomHID/Src/usbd_customhid.o
 .text.USBD_CUSTOM_HID_DataOut
                0x000000000800386e       0x3e Middlewares/ST/STM32_USB_Device_Library/Class/CustomHID/Src/usbd_customhid.o
 .text.USBD_CUSTOM_HID_EP0_RxReady
                0x00000000080038ac       0x3c Middlewares/ST/STM32_USB_Device_Library/Class/CustomHID/Src/usbd_customhid.o
 .text.USBD_CUSTOM_HID_GetDeviceQualifierDesc
                0x00000000080038e8       0x20 Middlewares/ST/STM32_USB_Device_Library/Class/CustomHID/Src/usbd_customhid.o
 .text.USBD_CUSTOM_HID_RegisterInterface
                0x0000000008003908       0x2c Middlewares/ST/STM32_USB_Device_Library/Class/CustomHID/Src/usbd_customhid.o
                0x0000000008003908                USBD_CUSTOM_HID_RegisterInterface
 .text.USBD_Init
                0x0000000008003934       0x56 Middlewares/ST/STM32_USB_Device_Library/Core/Src/usbd_core.o
                0x0000000008003934                USBD_Init
 .text.USBD_RegisterClass
                0x000000000800398a       0x32 Middlewares/ST/STM32_USB_Device_Library/Core/Src/usbd_core.o
                0x000000000800398a                USBD_RegisterClass
 .text.USBD_Start
                0x00000000080039bc       0x18 Middlewares/ST/STM32_USB_Device_Library/Core/Src/usbd_core.o
                0x00000000080039bc                USBD_Start
 .text.USBD_RunTestMode
                0x00000000080039d4       0x14 Middlewares/ST/STM32_USB_Device_Library/Core/Src/usbd_core.o
                0x00000000080039d4                USBD_RunTestMode
 .text.USBD_SetClassConfig
                0x00000000080039e8       0x3e Middlewares/ST/STM32_USB_Device_Library/Core/Src/usbd_core.o
                0x00000000080039e8                USBD_SetClassConfig
 .text.USBD_ClrClassConfig
                0x0000000008003a26       0x26 Middlewares/ST/STM32_USB_Device_Library/Core/Src/usbd_core.o
                0x0000000008003a26                USBD_ClrClassConfig
 .text.USBD_LL_SetupStage
                0x0000000008003a4c       0x96 Middlewares/ST/STM32_USB_Device_Library/Core/Src/usbd_core.o
                0x0000000008003a4c                USBD_LL_SetupStage
 .text.USBD_LL_DataOutStage
                0x0000000008003ae2       0xe2 Middlewares/ST/STM32_USB_Device_Library/Core/Src/usbd_core.o
                0x0000000008003ae2                USBD_LL_DataOutStage
 .text.USBD_LL_DataInStage
                0x0000000008003bc4      0x14a Middlewares/ST/STM32_USB_Device_Library/Core/Src/usbd_core.o
                0x0000000008003bc4                USBD_LL_DataInStage
 .text.USBD_LL_Reset
                0x0000000008003d0e       0x82 Middlewares/ST/STM32_USB_Device_Library/Core/Src/usbd_core.o
                0x0000000008003d0e                USBD_LL_Reset
 .text.USBD_LL_SetSpeed
                0x0000000008003d90       0x1e Middlewares/ST/STM32_USB_Device_Library/Core/Src/usbd_core.o
                0x0000000008003d90                USBD_LL_SetSpeed
 .text.USBD_LL_Suspend
                0x0000000008003dae       0x28 Middlewares/ST/STM32_USB_Device_Library/Core/Src/usbd_core.o
                0x0000000008003dae                USBD_LL_Suspend
 .text.USBD_LL_Resume
                0x0000000008003dd6       0x2a Middlewares/ST/STM32_USB_Device_Library/Core/Src/usbd_core.o
                0x0000000008003dd6                USBD_LL_Resume
 .text.USBD_LL_SOF
                0x0000000008003e00       0x34 Middlewares/ST/STM32_USB_Device_Library/Core/Src/usbd_core.o
                0x0000000008003e00                USBD_LL_SOF
 .text.USBD_StdDevReq
                0x0000000008003e34       0xd4 Middlewares/ST/STM32_USB_Device_Library/Core/Src/usbd_ctlreq.o
                0x0000000008003e34                USBD_StdDevReq
 .text.USBD_StdItfReq
                0x0000000008003f08       0x8c Middlewares/ST/STM32_USB_Device_Library/Core/Src/usbd_ctlreq.o
                0x0000000008003f08                USBD_StdItfReq
 .text.USBD_StdEPReq
                0x0000000008003f94      0x2ba Middlewares/ST/STM32_USB_Device_Library/Core/Src/usbd_ctlreq.o
                0x0000000008003f94                USBD_StdEPReq
 *fill*         0x000000000800424e        0x2 
 .text.USBD_GetDescriptor
                0x0000000008004250      0x2d0 Middlewares/ST/STM32_USB_Device_Library/Core/Src/usbd_ctlreq.o
 .text.USBD_SetAddress
                0x0000000008004520       0x84 Middlewares/ST/STM32_USB_Device_Library/Core/Src/usbd_ctlreq.o
 .text.USBD_SetConfig
                0x00000000080045a4      0x11c Middlewares/ST/STM32_USB_Device_Library/Core/Src/usbd_ctlreq.o
 .text.USBD_GetConfig
                0x00000000080046c0       0x68 Middlewares/ST/STM32_USB_Device_Library/Core/Src/usbd_ctlreq.o
 .text.USBD_GetStatus
                0x0000000008004728       0x66 Middlewares/ST/STM32_USB_Device_Library/Core/Src/usbd_ctlreq.o
 .text.USBD_SetFeature
                0x000000000800478e       0x28 Middlewares/ST/STM32_USB_Device_Library/Core/Src/usbd_ctlreq.o
 .text.USBD_ClrFeature
                0x00000000080047b6       0x42 Middlewares/ST/STM32_USB_Device_Library/Core/Src/usbd_ctlreq.o
 .text.USBD_ParseSetupRequest
                0x00000000080047f8       0x78 Middlewares/ST/STM32_USB_Device_Library/Core/Src/usbd_ctlreq.o
                0x00000000080047f8                USBD_ParseSetupRequest
 .text.USBD_CtlError
                0x0000000008004870       0x22 Middlewares/ST/STM32_USB_Device_Library/Core/Src/usbd_ctlreq.o
                0x0000000008004870                USBD_CtlError
 .text.USBD_GetString
                0x0000000008004892       0x84 Middlewares/ST/STM32_USB_Device_Library/Core/Src/usbd_ctlreq.o
                0x0000000008004892                USBD_GetString
 .text.USBD_GetLen
                0x0000000008004916       0x2e Middlewares/ST/STM32_USB_Device_Library/Core/Src/usbd_ctlreq.o
 .text.USBD_CtlSendData
                0x0000000008004944       0x38 Middlewares/ST/STM32_USB_Device_Library/Core/Src/usbd_ioreq.o
                0x0000000008004944                USBD_CtlSendData
 .text.USBD_CtlContinueSendData
                0x000000000800497c       0x24 Middlewares/ST/STM32_USB_Device_Library/Core/Src/usbd_ioreq.o
                0x000000000800497c                USBD_CtlContinueSendData
 .text.USBD_CtlPrepareRx
                0x00000000080049a0       0x3c Middlewares/ST/STM32_USB_Device_Library/Core/Src/usbd_ioreq.o
                0x00000000080049a0                USBD_CtlPrepareRx
 .text.USBD_CtlContinueRx
                0x00000000080049dc       0x24 Middlewares/ST/STM32_USB_Device_Library/Core/Src/usbd_ioreq.o
                0x00000000080049dc                USBD_CtlContinueRx
 .text.USBD_CtlSendStatus
                0x0000000008004a00       0x26 Middlewares/ST/STM32_USB_Device_Library/Core/Src/usbd_ioreq.o
                0x0000000008004a00                USBD_CtlSendStatus
 .text.USBD_CtlReceiveStatus
                0x0000000008004a26       0x26 Middlewares/ST/STM32_USB_Device_Library/Core/Src/usbd_ioreq.o
                0x0000000008004a26                USBD_CtlReceiveStatus
 .text.MX_USB_DEVICE_Init
                0x0000000008004a4c       0x60 USB_DEVICE/App/usb_device.o
                0x0000000008004a4c                MX_USB_DEVICE_Init
 .text.CUSTOM_HID_Init_FS
                0x0000000008004aac        0xe USB_DEVICE/App/usbd_custom_hid_if.o
 .text.CUSTOM_HID_DeInit_FS
                0x0000000008004aba        0xe USB_DEVICE/App/usbd_custom_hid_if.o
 .text.CUSTOM_HID_OutEvent_FS
                0x0000000008004ac8       0x1c USB_DEVICE/App/usbd_custom_hid_if.o
 .text.USBD_FS_DeviceDescriptor
                0x0000000008004ae4       0x24 USB_DEVICE/App/usbd_desc.o
                0x0000000008004ae4                USBD_FS_DeviceDescriptor
 .text.USBD_FS_LangIDStrDescriptor
                0x0000000008004b08       0x24 USB_DEVICE/App/usbd_desc.o
                0x0000000008004b08                USBD_FS_LangIDStrDescriptor
 .text.USBD_FS_ProductStrDescriptor
                0x0000000008004b2c       0x3c USB_DEVICE/App/usbd_desc.o
                0x0000000008004b2c                USBD_FS_ProductStrDescriptor
 .text.USBD_FS_ManufacturerStrDescriptor
                0x0000000008004b68       0x28 USB_DEVICE/App/usbd_desc.o
                0x0000000008004b68                USBD_FS_ManufacturerStrDescriptor
 .text.USBD_FS_SerialStrDescriptor
                0x0000000008004b90       0x24 USB_DEVICE/App/usbd_desc.o
                0x0000000008004b90                USBD_FS_SerialStrDescriptor
 .text.USBD_FS_ConfigStrDescriptor
                0x0000000008004bb4       0x3c USB_DEVICE/App/usbd_desc.o
                0x0000000008004bb4                USBD_FS_ConfigStrDescriptor
 .text.USBD_FS_InterfaceStrDescriptor
                0x0000000008004bf0       0x3c USB_DEVICE/App/usbd_desc.o
                0x0000000008004bf0                USBD_FS_InterfaceStrDescriptor
 .text.Get_SerialNum
                0x0000000008004c2c       0x58 USB_DEVICE/App/usbd_desc.o
 .text.IntToUnicode
                0x0000000008004c84       0x7a USB_DEVICE/App/usbd_desc.o
 *fill*         0x0000000008004cfe        0x2 
 .text.HAL_PCD_MspInit
                0x0000000008004d00       0x4c USB_DEVICE/Target/usbd_conf.o
                0x0000000008004d00                HAL_PCD_MspInit
 .text.HAL_PCD_SetupStageCallback
                0x0000000008004d4c       0x24 USB_DEVICE/Target/usbd_conf.o
                0x0000000008004d4c                HAL_PCD_SetupStageCallback
 .text.HAL_PCD_DataOutStageCallback
                0x0000000008004d70       0x30 USB_DEVICE/Target/usbd_conf.o
                0x0000000008004d70                HAL_PCD_DataOutStageCallback
 .text.HAL_PCD_DataInStageCallback
                0x0000000008004da0       0x2e USB_DEVICE/Target/usbd_conf.o
                0x0000000008004da0                HAL_PCD_DataInStageCallback
 .text.HAL_PCD_SOFCallback
                0x0000000008004dce       0x1c USB_DEVICE/Target/usbd_conf.o
                0x0000000008004dce                HAL_PCD_SOFCallback
 .text.HAL_PCD_ResetCallback
                0x0000000008004dea       0x3c USB_DEVICE/Target/usbd_conf.o
                0x0000000008004dea                HAL_PCD_ResetCallback
 *fill*         0x0000000008004e26        0x2 
 .text.HAL_PCD_SuspendCallback
                0x0000000008004e28       0x34 USB_DEVICE/Target/usbd_conf.o
                0x0000000008004e28                HAL_PCD_SuspendCallback
 .text.HAL_PCD_ResumeCallback
                0x0000000008004e5c       0x1c USB_DEVICE/Target/usbd_conf.o
                0x0000000008004e5c                HAL_PCD_ResumeCallback
 .text.USBD_LL_Init
                0x0000000008004e78       0xa0 USB_DEVICE/Target/usbd_conf.o
                0x0000000008004e78                USBD_LL_Init
 .text.USBD_LL_Start
                0x0000000008004f18       0x36 USB_DEVICE/Target/usbd_conf.o
                0x0000000008004f18                USBD_LL_Start
 .text.USBD_LL_OpenEP
                0x0000000008004f4e       0x4c USB_DEVICE/Target/usbd_conf.o
                0x0000000008004f4e                USBD_LL_OpenEP
 .text.USBD_LL_CloseEP
                0x0000000008004f9a       0x3e USB_DEVICE/Target/usbd_conf.o
                0x0000000008004f9a                USBD_LL_CloseEP
 .text.USBD_LL_StallEP
                0x0000000008004fd8       0x3e USB_DEVICE/Target/usbd_conf.o
                0x0000000008004fd8                USBD_LL_StallEP
 .text.USBD_LL_ClearStallEP
                0x0000000008005016       0x3e USB_DEVICE/Target/usbd_conf.o
                0x0000000008005016                USBD_LL_ClearStallEP
 .text.USBD_LL_IsStallEP
                0x0000000008005054       0x4a USB_DEVICE/Target/usbd_conf.o
                0x0000000008005054                USBD_LL_IsStallEP
 .text.USBD_LL_SetUSBAddress
                0x000000000800509e       0x3e USB_DEVICE/Target/usbd_conf.o
                0x000000000800509e                USBD_LL_SetUSBAddress
 .text.USBD_LL_Transmit
                0x00000000080050dc       0x46 USB_DEVICE/Target/usbd_conf.o
                0x00000000080050dc                USBD_LL_Transmit
 .text.USBD_LL_PrepareReceive
                0x0000000008005122       0x46 USB_DEVICE/Target/usbd_conf.o
                0x0000000008005122                USBD_LL_PrepareReceive
 .text.USBD_static_malloc
                0x0000000008005168       0x18 USB_DEVICE/Target/usbd_conf.o
                0x0000000008005168                USBD_static_malloc
 .text.USBD_static_free
                0x0000000008005180       0x12 USB_DEVICE/Target/usbd_conf.o
                0x0000000008005180                USBD_static_free
 .text.HAL_PCDEx_SetConnectionState
                0x0000000008005192       0x16 USB_DEVICE/Target/usbd_conf.o
                0x0000000008005192                HAL_PCDEx_SetConnectionState
 .text.USBD_Get_USB_Status
                0x00000000080051a8       0x58 USB_DEVICE/Target/usbd_conf.o
 .text.__libc_init_array
                0x0000000008005200       0x48 /opt/st/stm32cubeide_1.1.0/plugins/com.st.stm32cube.ide.mcu.externaltools.gnu-tools-for-stm32.7-2018-q2-update.linux64_1.0.0.201904181610/tools/bin/../lib/gcc/arm-none-eabi/7.3.1/../../../../arm-none-eabi/lib/thumb/v7-m/libc_nano.a(lib_a-init.o)
                0x0000000008005200                __libc_init_array
 .text.memset   0x0000000008005248       0x10 /opt/st/stm32cubeide_1.1.0/plugins/com.st.stm32cube.ide.mcu.externaltools.gnu-tools-for-stm32.7-2018-q2-update.linux64_1.0.0.201904181610/tools/bin/../lib/gcc/arm-none-eabi/7.3.1/../../../../arm-none-eabi/lib/thumb/v7-m/libc_nano.a(lib_a-memset.o)
                0x0000000008005248                memset
 *(.glue_7)
 .glue_7        0x0000000008005258        0x0 linker stubs
 *(.glue_7t)
 .glue_7t       0x0000000008005258        0x0 linker stubs
 *(.eh_frame)
 .eh_frame      0x0000000008005258        0x0 /opt/st/stm32cubeide_1.1.0/plugins/com.st.stm32cube.ide.mcu.externaltools.gnu-tools-for-stm32.7-2018-q2-update.linux64_1.0.0.201904181610/tools/bin/../lib/gcc/arm-none-eabi/7.3.1/thumb/v7-m/crtbegin.o
 *(.init)
 .init          0x0000000008005258        0x4 /opt/st/stm32cubeide_1.1.0/plugins/com.st.stm32cube.ide.mcu.externaltools.gnu-tools-for-stm32.7-2018-q2-update.linux64_1.0.0.201904181610/tools/bin/../lib/gcc/arm-none-eabi/7.3.1/thumb/v7-m/crti.o
                0x0000000008005258                _init
 .init          0x000000000800525c        0x8 /opt/st/stm32cubeide_1.1.0/plugins/com.st.stm32cube.ide.mcu.externaltools.gnu-tools-for-stm32.7-2018-q2-update.linux64_1.0.0.201904181610/tools/bin/../lib/gcc/arm-none-eabi/7.3.1/thumb/v7-m/crtn.o
 *(.fini)
 .fini          0x0000000008005264        0x4 /opt/st/stm32cubeide_1.1.0/plugins/com.st.stm32cube.ide.mcu.externaltools.gnu-tools-for-stm32.7-2018-q2-update.linux64_1.0.0.201904181610/tools/bin/../lib/gcc/arm-none-eabi/7.3.1/thumb/v7-m/crti.o
                0x0000000008005264                _fini
 .fini          0x0000000008005268        0x8 /opt/st/stm32cubeide_1.1.0/plugins/com.st.stm32cube.ide.mcu.externaltools.gnu-tools-for-stm32.7-2018-q2-update.linux64_1.0.0.201904181610/tools/bin/../lib/gcc/arm-none-eabi/7.3.1/thumb/v7-m/crtn.o
                0x0000000008005270                . = ALIGN (0x4)
                0x0000000008005270                _etext = .

.vfp11_veneer   0x0000000008005270        0x0
 .vfp11_veneer  0x0000000008005270        0x0 linker stubs

.v4_bx          0x0000000008005270        0x0
 .v4_bx         0x0000000008005270        0x0 linker stubs

.iplt           0x0000000008005270        0x0
 .iplt          0x0000000008005270        0x0 /opt/st/stm32cubeide_1.1.0/plugins/com.st.stm32cube.ide.mcu.externaltools.gnu-tools-for-stm32.7-2018-q2-update.linux64_1.0.0.201904181610/tools/bin/../lib/gcc/arm-none-eabi/7.3.1/thumb/v7-m/crtbegin.o

.rodata         0x0000000008005270       0x84
                0x0000000008005270                . = ALIGN (0x4)
 *(.rodata)
 .rodata        0x0000000008005270       0x12 Drivers/STM32F1xx_HAL_Driver/Src/stm32f1xx_hal_rcc.o
 *fill*         0x0000000008005282        0x2 
 .rodata        0x0000000008005284       0x5d USB_DEVICE/App/usbd_desc.o
 *(.rodata*)
 *fill*         0x00000000080052e1        0x3 
 .rodata.AHBPrescTable
                0x00000000080052e4       0x10 Core/Src/system_stm32f1xx.o
                0x00000000080052e4                AHBPrescTable
                0x00000000080052f4                . = ALIGN (0x4)

.rel.dyn        0x00000000080052f4        0x0
 .rel.iplt      0x00000000080052f4        0x0 /opt/st/stm32cubeide_1.1.0/plugins/com.st.stm32cube.ide.mcu.externaltools.gnu-tools-for-stm32.7-2018-q2-update.linux64_1.0.0.201904181610/tools/bin/../lib/gcc/arm-none-eabi/7.3.1/thumb/v7-m/crtbegin.o

.ARM.extab      0x00000000080052f4        0x0
                0x00000000080052f4                . = ALIGN (0x4)
 *(.ARM.extab* .gnu.linkonce.armextab.*)
                0x00000000080052f4                . = ALIGN (0x4)

.ARM            0x00000000080052f4        0x0
                0x00000000080052f4                . = ALIGN (0x4)
                0x00000000080052f4                __exidx_start = .
 *(.ARM.exidx*)
                0x00000000080052f4                __exidx_end = .
                0x00000000080052f4                . = ALIGN (0x4)

.preinit_array  0x00000000080052f4        0x0
                0x00000000080052f4                . = ALIGN (0x4)
                0x00000000080052f4                PROVIDE (__preinit_array_start = .)
 *(.preinit_array*)
                0x00000000080052f4                PROVIDE (__preinit_array_end = .)
                0x00000000080052f4                . = ALIGN (0x4)

.init_array     0x00000000080052f4        0x4
                0x00000000080052f4                . = ALIGN (0x4)
                0x00000000080052f4                PROVIDE (__init_array_start = .)
 *(SORT_BY_NAME(.init_array.*))
 *(.init_array*)
 .init_array    0x00000000080052f4        0x4 /opt/st/stm32cubeide_1.1.0/plugins/com.st.stm32cube.ide.mcu.externaltools.gnu-tools-for-stm32.7-2018-q2-update.linux64_1.0.0.201904181610/tools/bin/../lib/gcc/arm-none-eabi/7.3.1/thumb/v7-m/crtbegin.o
                0x00000000080052f8                PROVIDE (__init_array_end = .)
                0x00000000080052f8                . = ALIGN (0x4)

.fini_array     0x00000000080052f8        0x4
                0x00000000080052f8                . = ALIGN (0x4)
                [!provide]                        PROVIDE (__fini_array_start = .)
 *(SORT_BY_NAME(.fini_array.*))
 *(.fini_array*)
 .fini_array    0x00000000080052f8        0x4 /opt/st/stm32cubeide_1.1.0/plugins/com.st.stm32cube.ide.mcu.externaltools.gnu-tools-for-stm32.7-2018-q2-update.linux64_1.0.0.201904181610/tools/bin/../lib/gcc/arm-none-eabi/7.3.1/thumb/v7-m/crtbegin.o
                [!provide]                        PROVIDE (__fini_array_end = .)
                0x00000000080052fc                . = ALIGN (0x4)
                0x00000000080052fc                _sidata = LOADADDR (.data)

.data           0x0000000020000000      0x17c load address 0x00000000080052fc
                0x0000000020000000                . = ALIGN (0x4)
                0x0000000020000000                _sdata = .
 *(.data)
 *(.data*)
 .data.SystemCoreClock
                0x0000000020000000        0x4 Core/Src/system_stm32f1xx.o
                0x0000000020000000                SystemCoreClock
 .data.uwTickPrio
                0x0000000020000004        0x4 Drivers/STM32F1xx_HAL_Driver/Src/stm32f1xx_hal.o
                0x0000000020000004                uwTickPrio
 .data.uwTickFreq
                0x0000000020000008        0x1 Drivers/STM32F1xx_HAL_Driver/Src/stm32f1xx_hal.o
                0x0000000020000008                uwTickFreq
 *fill*         0x0000000020000009        0x3 
 .data.USBD_CUSTOM_HID
                0x000000002000000c       0x38 Middlewares/ST/STM32_USB_Device_Library/Class/CustomHID/Src/usbd_customhid.o
                0x000000002000000c                USBD_CUSTOM_HID
 .data.USBD_CUSTOM_HID_CfgFSDesc
                0x0000000020000044       0x22 Middlewares/ST/STM32_USB_Device_Library/Class/CustomHID/Src/usbd_customhid.o
 *fill*         0x0000000020000066        0x2 
 .data.USBD_CUSTOM_HID_CfgHSDesc
                0x0000000020000068       0x22 Middlewares/ST/STM32_USB_Device_Library/Class/CustomHID/Src/usbd_customhid.o
 *fill*         0x000000002000008a        0x2 
 .data.USBD_CUSTOM_HID_OtherSpeedCfgDesc
                0x000000002000008c       0x22 Middlewares/ST/STM32_USB_Device_Library/Class/CustomHID/Src/usbd_customhid.o
 *fill*         0x00000000200000ae        0x2 
 .data.USBD_CUSTOM_HID_Desc
                0x00000000200000b0       0x30 Middlewares/ST/STM32_USB_Device_Library/Class/CustomHID/Src/usbd_customhid.o
 .data.USBD_CUSTOM_HID_DeviceQualifierDesc
                0x00000000200000e0        0xa Middlewares/ST/STM32_USB_Device_Library/Class/CustomHID/Src/usbd_customhid.o
 *fill*         0x00000000200000ea        0x2 
 .data.CUSTOM_HID_ReportDesc_FS
                0x00000000200000ec       0x30 USB_DEVICE/App/usbd_custom_hid_if.o
 .data.USBD_CustomHID_fops_FS
                0x000000002000011c       0x10 USB_DEVICE/App/usbd_custom_hid_if.o
                0x000000002000011c                USBD_CustomHID_fops_FS
 .data.FS_Desc  0x000000002000012c       0x1c USB_DEVICE/App/usbd_desc.o
                0x000000002000012c                FS_Desc
 .data.USBD_FS_DeviceDesc
                0x0000000020000148       0x12 USB_DEVICE/App/usbd_desc.o
                0x0000000020000148                USBD_FS_DeviceDesc
 *fill*         0x000000002000015a        0x2 
 .data.USBD_LangIDDesc
                0x000000002000015c        0x4 USB_DEVICE/App/usbd_desc.o
                0x000000002000015c                USBD_LangIDDesc
 .data.USBD_StringSerial
                0x0000000020000160       0x1a USB_DEVICE/App/usbd_desc.o
                0x0000000020000160                USBD_StringSerial
                0x000000002000017c                . = ALIGN (0x4)
 *fill*         0x000000002000017a        0x2 
                0x000000002000017c                _edata = .

.igot.plt       0x000000002000017c        0x0 load address 0x0000000008005478
 .igot.plt      0x000000002000017c        0x0 /opt/st/stm32cubeide_1.1.0/plugins/com.st.stm32cube.ide.mcu.externaltools.gnu-tools-for-stm32.7-2018-q2-update.linux64_1.0.0.201904181610/tools/bin/../lib/gcc/arm-none-eabi/7.3.1/thumb/v7-m/crtbegin.o
                0x000000002000017c                . = ALIGN (0x4)

.bss            0x000000002000017c      0x778 load address 0x0000000008005478
                0x000000002000017c                _sbss = .
                0x000000002000017c                __bss_start__ = _sbss
 *(.bss)
 .bss           0x000000002000017c       0x1c /opt/st/stm32cubeide_1.1.0/plugins/com.st.stm32cube.ide.mcu.externaltools.gnu-tools-for-stm32.7-2018-q2-update.linux64_1.0.0.201904181610/tools/bin/../lib/gcc/arm-none-eabi/7.3.1/thumb/v7-m/crtbegin.o
 *(.bss*)
 .bss.buffer    0x0000000020000198        0x4 Core/Src/main.o
                0x0000000020000198                buffer
 .bss.cfgidx.7624
                0x000000002000019c        0x1 Middlewares/ST/STM32_USB_Device_Library/Core/Src/usbd_ctlreq.o
 *fill*         0x000000002000019d        0x3 
 .bss.mem.7674  0x00000000200001a0       0x20 USB_DEVICE/Target/usbd_conf.o
 *(COMMON)
 COMMON         0x00000000200001c0        0x4 Drivers/STM32F1xx_HAL_Driver/Src/stm32f1xx_hal.o
                0x00000000200001c0                uwTick
 COMMON         0x00000000200001c4      0x2c4 USB_DEVICE/App/usb_device.o
                0x00000000200001c4                hUsbDeviceFS
 COMMON         0x0000000020000488      0x200 USB_DEVICE/App/usbd_desc.o
                0x0000000020000488                USBD_StrDesc
 COMMON         0x0000000020000688      0x26c USB_DEVICE/Target/usbd_conf.o
                0x0000000020000688                hpcd_USB_FS
                0x00000000200008f4                . = ALIGN (0x4)
                0x00000000200008f4                _ebss = .
                0x00000000200008f4                __bss_end__ = _ebss

._user_heap_stack
                0x00000000200008f4      0x604 load address 0x0000000008005478
                0x00000000200008f8                . = ALIGN (0x8)
 *fill*         0x00000000200008f4        0x4 
                0x00000000200008f8                PROVIDE (end = .)
                [!provide]                        PROVIDE (_end = .)
                0x0000000020000af8                . = (. + _Min_Heap_Size)
 *fill*         0x00000000200008f8      0x200 
                0x0000000020000ef8                . = (. + _Min_Stack_Size)
 *fill*         0x0000000020000af8      0x400 
                0x0000000020000ef8                . = ALIGN (0x8)

/DISCARD/
 libc.a(*)
 libm.a(*)
 libgcc.a(*)

.ARM.attributes
                0x0000000000000000       0x29
 *(.ARM.attributes)
 .ARM.attributes
                0x0000000000000000       0x1d /opt/st/stm32cubeide_1.1.0/plugins/com.st.stm32cube.ide.mcu.externaltools.gnu-tools-for-stm32.7-2018-q2-update.linux64_1.0.0.201904181610/tools/bin/../lib/gcc/arm-none-eabi/7.3.1/thumb/v7-m/crti.o
 .ARM.attributes
                0x000000000000001d       0x2d /opt/st/stm32cubeide_1.1.0/plugins/com.st.stm32cube.ide.mcu.externaltools.gnu-tools-for-stm32.7-2018-q2-update.linux64_1.0.0.201904181610/tools/bin/../lib/gcc/arm-none-eabi/7.3.1/thumb/v7-m/crtbegin.o
 .ARM.attributes
                0x000000000000004a       0x33 Core/Src/main.o
 .ARM.attributes
                0x000000000000007d       0x33 Core/Src/stm32f1xx_hal_msp.o
 .ARM.attributes
                0x00000000000000b0       0x33 Core/Src/stm32f1xx_it.o
 .ARM.attributes
                0x00000000000000e3       0x33 Core/Src/system_stm32f1xx.o
 .ARM.attributes
                0x0000000000000116       0x21 Core/Startup/startup_stm32f103c8tx.o
 .ARM.attributes
                0x0000000000000137       0x33 Drivers/STM32F1xx_HAL_Driver/Src/stm32f1xx_hal.o
 .ARM.attributes
                0x000000000000016a       0x33 Drivers/STM32F1xx_HAL_Driver/Src/stm32f1xx_hal_cortex.o
 .ARM.attributes
                0x000000000000019d       0x33 Drivers/STM32F1xx_HAL_Driver/Src/stm32f1xx_hal_gpio.o
 .ARM.attributes
                0x00000000000001d0       0x33 Drivers/STM32F1xx_HAL_Driver/Src/stm32f1xx_hal_pcd.o
 .ARM.attributes
                0x0000000000000203       0x33 Drivers/STM32F1xx_HAL_Driver/Src/stm32f1xx_hal_pcd_ex.o
 .ARM.attributes
                0x0000000000000236       0x33 Drivers/STM32F1xx_HAL_Driver/Src/stm32f1xx_hal_rcc.o
 .ARM.attributes
                0x0000000000000269       0x33 Drivers/STM32F1xx_HAL_Driver/Src/stm32f1xx_hal_rcc_ex.o
 .ARM.attributes
                0x000000000000029c       0x33 Drivers/STM32F1xx_HAL_Driver/Src/stm32f1xx_ll_usb.o
 .ARM.attributes
                0x00000000000002cf       0x33 Middlewares/ST/STM32_USB_Device_Library/Class/CustomHID/Src/usbd_customhid.o
 .ARM.attributes
                0x0000000000000302       0x33 Middlewares/ST/STM32_USB_Device_Library/Core/Src/usbd_core.o
 .ARM.attributes
                0x0000000000000335       0x33 Middlewares/ST/STM32_USB_Device_Library/Core/Src/usbd_ctlreq.o
 .ARM.attributes
                0x0000000000000368       0x33 Middlewares/ST/STM32_USB_Device_Library/Core/Src/usbd_ioreq.o
 .ARM.attributes
                0x000000000000039b       0x33 USB_DEVICE/App/usb_device.o
 .ARM.attributes
                0x00000000000003ce       0x33 USB_DEVICE/App/usbd_custom_hid_if.o
 .ARM.attributes
                0x0000000000000401       0x33 USB_DEVICE/App/usbd_desc.o
 .ARM.attributes
                0x0000000000000434       0x33 USB_DEVICE/Target/usbd_conf.o
 .ARM.attributes
                0x0000000000000467       0x2d /opt/st/stm32cubeide_1.1.0/plugins/com.st.stm32cube.ide.mcu.externaltools.gnu-tools-for-stm32.7-2018-q2-update.linux64_1.0.0.201904181610/tools/bin/../lib/gcc/arm-none-eabi/7.3.1/../../../../arm-none-eabi/lib/thumb/v7-m/libc_nano.a(lib_a-init.o)
 .ARM.attributes
                0x0000000000000494       0x2d /opt/st/stm32cubeide_1.1.0/plugins/com.st.stm32cube.ide.mcu.externaltools.gnu-tools-for-stm32.7-2018-q2-update.linux64_1.0.0.201904181610/tools/bin/../lib/gcc/arm-none-eabi/7.3.1/../../../../arm-none-eabi/lib/thumb/v7-m/libc_nano.a(lib_a-memset.o)
 .ARM.attributes
                0x00000000000004c1       0x1d /opt/st/stm32cubeide_1.1.0/plugins/com.st.stm32cube.ide.mcu.externaltools.gnu-tools-for-stm32.7-2018-q2-update.linux64_1.0.0.201904181610/tools/bin/../lib/gcc/arm-none-eabi/7.3.1/thumb/v7-m/crtn.o
OUTPUT(usbcustomhid3.elf elf32-littlearm)

.debug_info     0x0000000000000000     0xfd63
 .debug_info    0x0000000000000000     0x1428 Core/Src/main.o
 .debug_info    0x0000000000001428      0x2cb Core/Src/stm32f1xx_hal_msp.o
 .debug_info    0x00000000000016f3      0x681 Core/Src/stm32f1xx_it.o
 .debug_info    0x0000000000001d74      0x433 Core/Src/system_stm32f1xx.o
 .debug_info    0x00000000000021a7       0x22 Core/Startup/startup_stm32f103c8tx.o
 .debug_info    0x00000000000021c9      0x6fe Drivers/STM32F1xx_HAL_Driver/Src/stm32f1xx_hal.o
 .debug_info    0x00000000000028c7      0xb46 Drivers/STM32F1xx_HAL_Driver/Src/stm32f1xx_hal_cortex.o
 .debug_info    0x000000000000340d      0x681 Drivers/STM32F1xx_HAL_Driver/Src/stm32f1xx_hal_gpio.o
 .debug_info    0x0000000000003a8e      0xe38 Drivers/STM32F1xx_HAL_Driver/Src/stm32f1xx_hal_pcd.o
 .debug_info    0x00000000000048c6      0x760 Drivers/STM32F1xx_HAL_Driver/Src/stm32f1xx_hal_pcd_ex.o
 .debug_info    0x0000000000005026      0x804 Drivers/STM32F1xx_HAL_Driver/Src/stm32f1xx_hal_rcc.o
 .debug_info    0x000000000000582a      0x439 Drivers/STM32F1xx_HAL_Driver/Src/stm32f1xx_hal_rcc_ex.o
 .debug_info    0x0000000000005c63     0x14f9 Drivers/STM32F1xx_HAL_Driver/Src/stm32f1xx_ll_usb.o
 .debug_info    0x000000000000715c     0x125b Middlewares/ST/STM32_USB_Device_Library/Class/CustomHID/Src/usbd_customhid.o
 .debug_info    0x00000000000083b7     0x11c2 Middlewares/ST/STM32_USB_Device_Library/Core/Src/usbd_core.o
 .debug_info    0x0000000000009579     0x1132 Middlewares/ST/STM32_USB_Device_Library/Core/Src/usbd_ctlreq.o
 .debug_info    0x000000000000a6ab      0xf23 Middlewares/ST/STM32_USB_Device_Library/Core/Src/usbd_ioreq.o
 .debug_info    0x000000000000b5ce      0xe46 USB_DEVICE/App/usb_device.o
 .debug_info    0x000000000000c414      0xeb3 USB_DEVICE/App/usbd_custom_hid_if.o
 .debug_info    0x000000000000d2c7      0xd07 USB_DEVICE/App/usbd_desc.o
 .debug_info    0x000000000000dfce     0x1d95 USB_DEVICE/Target/usbd_conf.o

.debug_abbrev   0x0000000000000000     0x28c4
 .debug_abbrev  0x0000000000000000      0x2b7 Core/Src/main.o
 .debug_abbrev  0x00000000000002b7      0x109 Core/Src/stm32f1xx_hal_msp.o
 .debug_abbrev  0x00000000000003c0      0x155 Core/Src/stm32f1xx_it.o
 .debug_abbrev  0x0000000000000515      0x134 Core/Src/system_stm32f1xx.o
 .debug_abbrev  0x0000000000000649       0x12 Core/Startup/startup_stm32f103c8tx.o
 .debug_abbrev  0x000000000000065b      0x1d8 Drivers/STM32F1xx_HAL_Driver/Src/stm32f1xx_hal.o
 .debug_abbrev  0x0000000000000833      0x2d5 Drivers/STM32F1xx_HAL_Driver/Src/stm32f1xx_hal_cortex.o
 .debug_abbrev  0x0000000000000b08      0x1c0 Drivers/STM32F1xx_HAL_Driver/Src/stm32f1xx_hal_gpio.o
 .debug_abbrev  0x0000000000000cc8      0x263 Drivers/STM32F1xx_HAL_Driver/Src/stm32f1xx_hal_pcd.o
 .debug_abbrev  0x0000000000000f2b      0x188 Drivers/STM32F1xx_HAL_Driver/Src/stm32f1xx_hal_pcd_ex.o
 .debug_abbrev  0x00000000000010b3      0x243 Drivers/STM32F1xx_HAL_Driver/Src/stm32f1xx_hal_rcc.o
 .debug_abbrev  0x00000000000012f6      0x175 Drivers/STM32F1xx_HAL_Driver/Src/stm32f1xx_hal_rcc_ex.o
 .debug_abbrev  0x000000000000146b      0x1c5 Drivers/STM32F1xx_HAL_Driver/Src/stm32f1xx_ll_usb.o
 .debug_abbrev  0x0000000000001630      0x286 Middlewares/ST/STM32_USB_Device_Library/Class/CustomHID/Src/usbd_customhid.o
 .debug_abbrev  0x00000000000018b6      0x270 Middlewares/ST/STM32_USB_Device_Library/Core/Src/usbd_core.o
 .debug_abbrev  0x0000000000001b26      0x2a0 Middlewares/ST/STM32_USB_Device_Library/Core/Src/usbd_ctlreq.o
 .debug_abbrev  0x0000000000001dc6      0x1e0 Middlewares/ST/STM32_USB_Device_Library/Core/Src/usbd_ioreq.o
 .debug_abbrev  0x0000000000001fa6      0x1be USB_DEVICE/App/usb_device.o
 .debug_abbrev  0x0000000000002164      0x1f5 USB_DEVICE/App/usbd_custom_hid_if.o
 .debug_abbrev  0x0000000000002359      0x290 USB_DEVICE/App/usbd_desc.o
 .debug_abbrev  0x00000000000025e9      0x2db USB_DEVICE/Target/usbd_conf.o

.debug_aranges  0x0000000000000000      0xa48
 .debug_aranges
                0x0000000000000000       0x48 Core/Src/main.o
 .debug_aranges
                0x0000000000000048       0x20 Core/Src/stm32f1xx_hal_msp.o
 .debug_aranges
                0x0000000000000068       0x68 Core/Src/stm32f1xx_it.o
 .debug_aranges
                0x00000000000000d0       0x28 Core/Src/system_stm32f1xx.o
 .debug_aranges
                0x00000000000000f8       0x28 Core/Startup/startup_stm32f103c8tx.o
 .debug_aranges
                0x0000000000000120       0xe0 Drivers/STM32F1xx_HAL_Driver/Src/stm32f1xx_hal.o
 .debug_aranges
                0x0000000000000200      0x100 Drivers/STM32F1xx_HAL_Driver/Src/stm32f1xx_hal_cortex.o
 .debug_aranges
                0x0000000000000300       0x58 Drivers/STM32F1xx_HAL_Driver/Src/stm32f1xx_hal_gpio.o
 .debug_aranges
                0x0000000000000358      0x120 Drivers/STM32F1xx_HAL_Driver/Src/stm32f1xx_hal_pcd.o
 .debug_aranges
                0x0000000000000478       0x38 Drivers/STM32F1xx_HAL_Driver/Src/stm32f1xx_hal_pcd_ex.o
 .debug_aranges
                0x00000000000004b0       0x90 Drivers/STM32F1xx_HAL_Driver/Src/stm32f1xx_hal_rcc.o
 .debug_aranges
                0x0000000000000540       0x30 Drivers/STM32F1xx_HAL_Driver/Src/stm32f1xx_hal_rcc_ex.o
 .debug_aranges
                0x0000000000000570      0x108 Drivers/STM32F1xx_HAL_Driver/Src/stm32f1xx_ll_usb.o
 .debug_aranges
                0x0000000000000678       0x78 Middlewares/ST/STM32_USB_Device_Library/Class/CustomHID/Src/usbd_customhid.o
 .debug_aranges
                0x00000000000006f0       0xb8 Middlewares/ST/STM32_USB_Device_Library/Core/Src/usbd_core.o
 .debug_aranges
                0x00000000000007a8       0x88 Middlewares/ST/STM32_USB_Device_Library/Core/Src/usbd_ctlreq.o
 .debug_aranges
                0x0000000000000830       0x50 Middlewares/ST/STM32_USB_Device_Library/Core/Src/usbd_ioreq.o
 .debug_aranges
                0x0000000000000880       0x20 USB_DEVICE/App/usb_device.o
 .debug_aranges
                0x00000000000008a0       0x30 USB_DEVICE/App/usbd_custom_hid_if.o
 .debug_aranges
                0x00000000000008d0       0x60 USB_DEVICE/App/usbd_desc.o
 .debug_aranges
                0x0000000000000930      0x118 USB_DEVICE/Target/usbd_conf.o

.debug_ranges   0x0000000000000000      0x900
 .debug_ranges  0x0000000000000000       0x38 Core/Src/main.o
 .debug_ranges  0x0000000000000038       0x10 Core/Src/stm32f1xx_hal_msp.o
 .debug_ranges  0x0000000000000048       0x58 Core/Src/stm32f1xx_it.o
 .debug_ranges  0x00000000000000a0       0x18 Core/Src/system_stm32f1xx.o
 .debug_ranges  0x00000000000000b8       0x20 Core/Startup/startup_stm32f103c8tx.o
 .debug_ranges  0x00000000000000d8       0xd0 Drivers/STM32F1xx_HAL_Driver/Src/stm32f1xx_hal.o
 .debug_ranges  0x00000000000001a8       0xf0 Drivers/STM32F1xx_HAL_Driver/Src/stm32f1xx_hal_cortex.o
 .debug_ranges  0x0000000000000298       0x48 Drivers/STM32F1xx_HAL_Driver/Src/stm32f1xx_hal_gpio.o
 .debug_ranges  0x00000000000002e0      0x110 Drivers/STM32F1xx_HAL_Driver/Src/stm32f1xx_hal_pcd.o
 .debug_ranges  0x00000000000003f0       0x28 Drivers/STM32F1xx_HAL_Driver/Src/stm32f1xx_hal_pcd_ex.o
 .debug_ranges  0x0000000000000418       0x80 Drivers/STM32F1xx_HAL_Driver/Src/stm32f1xx_hal_rcc.o
 .debug_ranges  0x0000000000000498       0x20 Drivers/STM32F1xx_HAL_Driver/Src/stm32f1xx_hal_rcc_ex.o
 .debug_ranges  0x00000000000004b8       0xf8 Drivers/STM32F1xx_HAL_Driver/Src/stm32f1xx_ll_usb.o
 .debug_ranges  0x00000000000005b0       0x68 Middlewares/ST/STM32_USB_Device_Library/Class/CustomHID/Src/usbd_customhid.o
 .debug_ranges  0x0000000000000618       0xa8 Middlewares/ST/STM32_USB_Device_Library/Core/Src/usbd_core.o
 .debug_ranges  0x00000000000006c0       0x78 Middlewares/ST/STM32_USB_Device_Library/Core/Src/usbd_ctlreq.o
 .debug_ranges  0x0000000000000738       0x40 Middlewares/ST/STM32_USB_Device_Library/Core/Src/usbd_ioreq.o
 .debug_ranges  0x0000000000000778       0x10 USB_DEVICE/App/usb_device.o
 .debug_ranges  0x0000000000000788       0x20 USB_DEVICE/App/usbd_custom_hid_if.o
 .debug_ranges  0x00000000000007a8       0x50 USB_DEVICE/App/usbd_desc.o
 .debug_ranges  0x00000000000007f8      0x108 USB_DEVICE/Target/usbd_conf.o

.debug_macro    0x0000000000000000    0x16032
 .debug_macro   0x0000000000000000      0x3c6 Core/Src/main.o
 .debug_macro   0x00000000000003c6      0xa5a Core/Src/main.o
 .debug_macro   0x0000000000000e20      0x215 Core/Src/main.o
 .debug_macro   0x0000000000001035       0x2e Core/Src/main.o
 .debug_macro   0x0000000000001063       0x22 Core/Src/main.o
 .debug_macro   0x0000000000001085       0x22 Core/Src/main.o
 .debug_macro   0x00000000000010a7       0x8e Core/Src/main.o
 .debug_macro   0x0000000000001135       0x51 Core/Src/main.o
 .debug_macro   0x0000000000001186       0xef Core/Src/main.o
 .debug_macro   0x0000000000001275       0x6a Core/Src/main.o
 .debug_macro   0x00000000000012df      0x1df Core/Src/main.o
 .debug_macro   0x00000000000014be       0x1c Core/Src/main.o
 .debug_macro   0x00000000000014da       0x22 Core/Src/main.o
 .debug_macro   0x00000000000014fc       0xc3 Core/Src/main.o
 .debug_macro   0x00000000000015bf      0xd23 Core/Src/main.o
 .debug_macro   0x00000000000022e2     0xe09e Core/Src/main.o
 .debug_macro   0x0000000000010380       0x43 Core/Src/main.o
 .debug_macro   0x00000000000103c3      0x174 Core/Src/main.o
 .debug_macro   0x0000000000010537       0x5a Core/Src/main.o
 .debug_macro   0x0000000000010591      0x5be Core/Src/main.o
 .debug_macro   0x0000000000010b4f      0x289 Core/Src/main.o
 .debug_macro   0x0000000000010dd8      0x1cb Core/Src/main.o
 .debug_macro   0x0000000000010fa3      0x114 Core/Src/main.o
 .debug_macro   0x00000000000110b7      0x1b2 Core/Src/main.o
 .debug_macro   0x0000000000011269       0x27 Core/Src/main.o
 .debug_macro   0x0000000000011290      0x136 Core/Src/main.o
 .debug_macro   0x00000000000113c6      0x1bc Core/Src/main.o
 .debug_macro   0x0000000000011582       0x34 Core/Src/main.o
 .debug_macro   0x00000000000115b6       0x3c Core/Src/main.o
 .debug_macro   0x00000000000115f2       0x57 Core/Src/main.o
 .debug_macro   0x0000000000011649       0x88 Core/Src/main.o
 .debug_macro   0x00000000000116d1      0x241 Core/Src/main.o
 .debug_macro   0x0000000000011912      0x141 Core/Src/main.o
 .debug_macro   0x0000000000011a53       0x65 Core/Src/main.o
 .debug_macro   0x0000000000011ab8      0x249 Core/Src/main.o
 .debug_macro   0x0000000000011d01       0x83 Core/Src/main.o
 .debug_macro   0x0000000000011d84       0x46 Core/Src/main.o
 .debug_macro   0x0000000000011dca       0x18 Core/Src/main.o
 .debug_macro   0x0000000000011de2       0x3c Core/Src/main.o
 .debug_macro   0x0000000000011e1e       0x34 Core/Src/main.o
 .debug_macro   0x0000000000011e52       0x16 Core/Src/main.o
 .debug_macro   0x0000000000011e68       0x35 Core/Src/main.o
 .debug_macro   0x0000000000011e9d      0x32a Core/Src/main.o
 .debug_macro   0x00000000000121c7       0x10 Core/Src/main.o
 .debug_macro   0x00000000000121d7       0x52 Core/Src/main.o
 .debug_macro   0x0000000000012229       0x1f Core/Src/main.o
 .debug_macro   0x0000000000012248       0x43 Core/Src/main.o
 .debug_macro   0x000000000001228b       0x20 Core/Src/main.o
 .debug_macro   0x00000000000122ab      0x1a3 Core/Src/main.o
 .debug_macro   0x000000000001244e       0x10 Core/Src/main.o
 .debug_macro   0x000000000001245e       0x1c Core/Src/main.o
 .debug_macro   0x000000000001247a       0x52 Core/Src/main.o
 .debug_macro   0x00000000000124cc       0x40 Core/Src/main.o
 .debug_macro   0x000000000001250c       0x10 Core/Src/main.o
 .debug_macro   0x000000000001251c       0x40 Core/Src/main.o
 .debug_macro   0x000000000001255c       0xd7 Core/Src/main.o
 .debug_macro   0x0000000000012633       0x1c Core/Src/main.o
 .debug_macro   0x000000000001264f       0x3d Core/Src/main.o
 .debug_macro   0x000000000001268c       0x16 Core/Src/main.o
 .debug_macro   0x00000000000126a2      0x145 Core/Src/main.o
 .debug_macro   0x00000000000127e7       0x16 Core/Src/main.o
 .debug_macro   0x00000000000127fd       0x16 Core/Src/main.o
 .debug_macro   0x0000000000012813       0x29 Core/Src/main.o
 .debug_macro   0x000000000001283c       0x16 Core/Src/main.o
 .debug_macro   0x0000000000012852       0x20 Core/Src/main.o
 .debug_macro   0x0000000000012872       0x6c Core/Src/main.o
 .debug_macro   0x00000000000128de      0x1c8 Core/Src/main.o
 .debug_macro   0x0000000000012aa6       0x65 Core/Src/main.o
 .debug_macro   0x0000000000012b0b      0x1a9 Core/Src/stm32f1xx_hal_msp.o
 .debug_macro   0x0000000000012cb4      0x1b3 Core/Src/stm32f1xx_it.o
 .debug_macro   0x0000000000012e67      0x1a5 Core/Src/system_stm32f1xx.o
 .debug_macro   0x000000000001300c      0x1c3 Drivers/STM32F1xx_HAL_Driver/Src/stm32f1xx_hal.o
 .debug_macro   0x00000000000131cf      0x19f Drivers/STM32F1xx_HAL_Driver/Src/stm32f1xx_hal_cortex.o
 .debug_macro   0x000000000001336e      0x20a Drivers/STM32F1xx_HAL_Driver/Src/stm32f1xx_hal_gpio.o
 .debug_macro   0x0000000000013578      0x1ab Drivers/STM32F1xx_HAL_Driver/Src/stm32f1xx_hal_pcd.o
 .debug_macro   0x0000000000013723      0x19f Drivers/STM32F1xx_HAL_Driver/Src/stm32f1xx_hal_pcd_ex.o
 .debug_macro   0x00000000000138c2      0x1b1 Drivers/STM32F1xx_HAL_Driver/Src/stm32f1xx_hal_rcc.o
 .debug_macro   0x0000000000013a73      0x19f Drivers/STM32F1xx_HAL_Driver/Src/stm32f1xx_hal_rcc_ex.o
 .debug_macro   0x0000000000013c12      0x19f Drivers/STM32F1xx_HAL_Driver/Src/stm32f1xx_ll_usb.o
 .debug_macro   0x0000000000013db1      0x3b6 Middlewares/ST/STM32_USB_Device_Library/Class/CustomHID/Src/usbd_customhid.o
 .debug_macro   0x0000000000014167       0x97 Middlewares/ST/STM32_USB_Device_Library/Class/CustomHID/Src/usbd_customhid.o
 .debug_macro   0x00000000000141fe       0xfd Middlewares/ST/STM32_USB_Device_Library/Class/CustomHID/Src/usbd_customhid.o
 .debug_macro   0x00000000000142fb       0xbd Middlewares/ST/STM32_USB_Device_Library/Class/CustomHID/Src/usbd_customhid.o
 .debug_macro   0x00000000000143b8       0x54 Middlewares/ST/STM32_USB_Device_Library/Class/CustomHID/Src/usbd_customhid.o
 .debug_macro   0x000000000001440c      0x39d Middlewares/ST/STM32_USB_Device_Library/Core/Src/usbd_core.o
 .debug_macro   0x00000000000147a9      0x1ce Middlewares/ST/STM32_USB_Device_Library/Core/Src/usbd_core.o
 .debug_macro   0x0000000000014977      0x3a7 Middlewares/ST/STM32_USB_Device_Library/Core/Src/usbd_ctlreq.o
 .debug_macro   0x0000000000014d1e      0x3a3 Middlewares/ST/STM32_USB_Device_Library/Core/Src/usbd_ioreq.o
 .debug_macro   0x00000000000150c1      0x3dd USB_DEVICE/App/usb_device.o
 .debug_macro   0x000000000001549e       0x22 USB_DEVICE/App/usb_device.o
 .debug_macro   0x00000000000154c0      0x3bc USB_DEVICE/App/usbd_custom_hid_if.o
 .debug_macro   0x000000000001587c      0x3da USB_DEVICE/App/usbd_desc.o
 .debug_macro   0x0000000000015c56       0x1c USB_DEVICE/App/usbd_desc.o
 .debug_macro   0x0000000000015c72      0x3c0 USB_DEVICE/Target/usbd_conf.o

.debug_line     0x0000000000000000     0xb3e8
 .debug_line    0x0000000000000000      0x9f2 Core/Src/main.o
 .debug_line    0x00000000000009f2      0x611 Core/Src/stm32f1xx_hal_msp.o
 .debug_line    0x0000000000001003      0x6c6 Core/Src/stm32f1xx_it.o
 .debug_line    0x00000000000016c9      0x641 Core/Src/system_stm32f1xx.o
 .debug_line    0x0000000000001d0a       0x84 Core/Startup/startup_stm32f103c8tx.o
 .debug_line    0x0000000000001d8e      0x7e9 Drivers/STM32F1xx_HAL_Driver/Src/stm32f1xx_hal.o
 .debug_line    0x0000000000002577      0x8c2 Drivers/STM32F1xx_HAL_Driver/Src/stm32f1xx_hal_cortex.o
 .debug_line    0x0000000000002e39      0x7e9 Drivers/STM32F1xx_HAL_Driver/Src/stm32f1xx_hal_gpio.o
 .debug_line    0x0000000000003622      0xadc Drivers/STM32F1xx_HAL_Driver/Src/stm32f1xx_hal_pcd.o
 .debug_line    0x00000000000040fe      0x65c Drivers/STM32F1xx_HAL_Driver/Src/stm32f1xx_hal_pcd_ex.o
 .debug_line    0x000000000000475a      0x8ab Drivers/STM32F1xx_HAL_Driver/Src/stm32f1xx_hal_rcc.o
 .debug_line    0x0000000000005005      0x6c9 Drivers/STM32F1xx_HAL_Driver/Src/stm32f1xx_hal_rcc_ex.o
 .debug_line    0x00000000000056ce      0xaf5 Drivers/STM32F1xx_HAL_Driver/Src/stm32f1xx_ll_usb.o
 .debug_line    0x00000000000061c3      0xa74 Middlewares/ST/STM32_USB_Device_Library/Class/CustomHID/Src/usbd_customhid.o
 .debug_line    0x0000000000006c37      0xaf9 Middlewares/ST/STM32_USB_Device_Library/Core/Src/usbd_core.o
 .debug_line    0x0000000000007730      0xb82 Middlewares/ST/STM32_USB_Device_Library/Core/Src/usbd_ctlreq.o
 .debug_line    0x00000000000082b2      0x962 Middlewares/ST/STM32_USB_Device_Library/Core/Src/usbd_ioreq.o
 .debug_line    0x0000000000008c14      0x957 USB_DEVICE/App/usb_device.o
 .debug_line    0x000000000000956b      0x95d USB_DEVICE/App/usbd_custom_hid_if.o
 .debug_line    0x0000000000009ec8      0x996 USB_DEVICE/App/usbd_desc.o
 .debug_line    0x000000000000a85e      0xb8a USB_DEVICE/Target/usbd_conf.o

.debug_str      0x0000000000000000    0x6cfe0
 .debug_str     0x0000000000000000    0x6a782 Core/Src/main.o
                                      0x6ab83 (size before relaxing)
 .debug_str     0x000000000006a782       0x50 Core/Src/stm32f1xx_hal_msp.o
                                      0x656c6 (size before relaxing)
 .debug_str     0x000000000006a7d2      0x393 Core/Src/stm32f1xx_it.o
                                      0x65a50 (size before relaxing)
 .debug_str     0x000000000006ab65       0xc2 Core/Src/system_stm32f1xx.o
                                      0x6572d (size before relaxing)
 .debug_str     0x000000000006ac27       0x36 Core/Startup/startup_stm32f103c8tx.o
                                         0x75 (size before relaxing)
 .debug_str     0x000000000006ac5d      0x61f Drivers/STM32F1xx_HAL_Driver/Src/stm32f1xx_hal.o
                                      0x65d3e (size before relaxing)
 .debug_str     0x000000000006b27c      0x2a0 Drivers/STM32F1xx_HAL_Driver/Src/stm32f1xx_hal_cortex.o
                                      0x65d4c (size before relaxing)
 .debug_str     0x000000000006b51c      0x324 Drivers/STM32F1xx_HAL_Driver/Src/stm32f1xx_hal_gpio.o
                                      0x65a77 (size before relaxing)
 .debug_str     0x000000000006b840      0x3af Drivers/STM32F1xx_HAL_Driver/Src/stm32f1xx_hal_pcd.o
                                      0x65d5e (size before relaxing)
 .debug_str     0x000000000006bbef      0x18d Drivers/STM32F1xx_HAL_Driver/Src/stm32f1xx_hal_pcd_ex.o
                                      0x65b3a (size before relaxing)
 .debug_str     0x000000000006bd7c      0x263 Drivers/STM32F1xx_HAL_Driver/Src/stm32f1xx_hal_rcc.o
                                      0x65ab0 (size before relaxing)
 .debug_str     0x000000000006bfdf       0xb9 Drivers/STM32F1xx_HAL_Driver/Src/stm32f1xx_hal_rcc_ex.o
                                      0x6583d (size before relaxing)
 .debug_str     0x000000000006c098      0x304 Drivers/STM32F1xx_HAL_Driver/Src/stm32f1xx_ll_usb.o
                                      0x65ba4 (size before relaxing)
 .debug_str     0x000000000006c39c      0x367 Middlewares/ST/STM32_USB_Device_Library/Class/CustomHID/Src/usbd_customhid.o
                                      0x6ab85 (size before relaxing)
 .debug_str     0x000000000006c703      0x1b5 Middlewares/ST/STM32_USB_Device_Library/Core/Src/usbd_core.o
                                      0x6a804 (size before relaxing)
 .debug_str     0x000000000006c8b8      0x12f Middlewares/ST/STM32_USB_Device_Library/Core/Src/usbd_ctlreq.o
                                      0x6a78a (size before relaxing)
 .debug_str     0x000000000006c9e7       0xc9 Middlewares/ST/STM32_USB_Device_Library/Core/Src/usbd_ioreq.o
                                      0x6a712 (size before relaxing)
 .debug_str     0x000000000006cab0       0xe6 USB_DEVICE/App/usb_device.o
                                      0x6a98c (size before relaxing)
 .debug_str     0x000000000006cb96       0x89 USB_DEVICE/App/usbd_custom_hid_if.o
                                      0x6a951 (size before relaxing)
 .debug_str     0x000000000006cc1f      0x26d USB_DEVICE/App/usbd_desc.o
                                      0x6a692 (size before relaxing)
 .debug_str     0x000000000006ce8c      0x154 USB_DEVICE/Target/usbd_conf.o
                                      0x6b23f (size before relaxing)

.comment        0x0000000000000000       0x7b
 .comment       0x0000000000000000       0x7b Core/Src/main.o
                                         0x7c (size before relaxing)
 .comment       0x000000000000007b       0x7c Core/Src/stm32f1xx_hal_msp.o
 .comment       0x000000000000007b       0x7c Core/Src/stm32f1xx_it.o
 .comment       0x000000000000007b       0x7c Core/Src/system_stm32f1xx.o
 .comment       0x000000000000007b       0x7c Drivers/STM32F1xx_HAL_Driver/Src/stm32f1xx_hal.o
 .comment       0x000000000000007b       0x7c Drivers/STM32F1xx_HAL_Driver/Src/stm32f1xx_hal_cortex.o
 .comment       0x000000000000007b       0x7c Drivers/STM32F1xx_HAL_Driver/Src/stm32f1xx_hal_gpio.o
 .comment       0x000000000000007b       0x7c Drivers/STM32F1xx_HAL_Driver/Src/stm32f1xx_hal_pcd.o
 .comment       0x000000000000007b       0x7c Drivers/STM32F1xx_HAL_Driver/Src/stm32f1xx_hal_pcd_ex.o
 .comment       0x000000000000007b       0x7c Drivers/STM32F1xx_HAL_Driver/Src/stm32f1xx_hal_rcc.o
 .comment       0x000000000000007b       0x7c Drivers/STM32F1xx_HAL_Driver/Src/stm32f1xx_hal_rcc_ex.o
 .comment       0x000000000000007b       0x7c Drivers/STM32F1xx_HAL_Driver/Src/stm32f1xx_ll_usb.o
 .comment       0x000000000000007b       0x7c Middlewares/ST/STM32_USB_Device_Library/Class/CustomHID/Src/usbd_customhid.o
 .comment       0x000000000000007b       0x7c Middlewares/ST/STM32_USB_Device_Library/Core/Src/usbd_core.o
 .comment       0x000000000000007b       0x7c Middlewares/ST/STM32_USB_Device_Library/Core/Src/usbd_ctlreq.o
 .comment       0x000000000000007b       0x7c Middlewares/ST/STM32_USB_Device_Library/Core/Src/usbd_ioreq.o
 .comment       0x000000000000007b       0x7c USB_DEVICE/App/usb_device.o
 .comment       0x000000000000007b       0x7c USB_DEVICE/App/usbd_custom_hid_if.o
 .comment       0x000000000000007b       0x7c USB_DEVICE/App/usbd_desc.o
 .comment       0x000000000000007b       0x7c USB_DEVICE/Target/usbd_conf.o

.debug_frame    0x0000000000000000     0x275c
 .debug_frame   0x0000000000000000       0xe4 Core/Src/main.o
 .debug_frame   0x00000000000000e4       0x38 Core/Src/stm32f1xx_hal_msp.o
 .debug_frame   0x000000000000011c      0x128 Core/Src/stm32f1xx_it.o
 .debug_frame   0x0000000000000244       0x58 Core/Src/system_stm32f1xx.o
 .debug_frame   0x000000000000029c      0x334 Drivers/STM32F1xx_HAL_Driver/Src/stm32f1xx_hal.o
 .debug_frame   0x00000000000005d0      0x428 Drivers/STM32F1xx_HAL_Driver/Src/stm32f1xx_hal_cortex.o
 .debug_frame   0x00000000000009f8      0x14c Drivers/STM32F1xx_HAL_Driver/Src/stm32f1xx_hal_gpio.o
 .debug_frame   0x0000000000000b44      0x500 Drivers/STM32F1xx_HAL_Driver/Src/stm32f1xx_hal_pcd.o
 .debug_frame   0x0000000000001044       0xb0 Drivers/STM32F1xx_HAL_Driver/Src/stm32f1xx_hal_pcd_ex.o
 .debug_frame   0x00000000000010f4      0x21c Drivers/STM32F1xx_HAL_Driver/Src/stm32f1xx_hal_rcc.o
 .debug_frame   0x0000000000001310       0x84 Drivers/STM32F1xx_HAL_Driver/Src/stm32f1xx_hal_rcc_ex.o
 .debug_frame   0x0000000000001394      0x4d8 Drivers/STM32F1xx_HAL_Driver/Src/stm32f1xx_ll_usb.o
 .debug_frame   0x000000000000186c      0x1d8 Middlewares/ST/STM32_USB_Device_Library/Class/CustomHID/Src/usbd_customhid.o
 .debug_frame   0x0000000000001a44      0x300 Middlewares/ST/STM32_USB_Device_Library/Core/Src/usbd_core.o
 .debug_frame   0x0000000000001d44      0x218 Middlewares/ST/STM32_USB_Device_Library/Core/Src/usbd_ctlreq.o
 .debug_frame   0x0000000000001f5c      0x10c Middlewares/ST/STM32_USB_Device_Library/Core/Src/usbd_ioreq.o
 .debug_frame   0x0000000000002068       0x2c USB_DEVICE/App/usb_device.o
 .debug_frame   0x0000000000002094       0x78 USB_DEVICE/App/usbd_custom_hid_if.o
 .debug_frame   0x000000000000210c      0x160 USB_DEVICE/App/usbd_desc.o
 .debug_frame   0x000000000000226c      0x4a4 USB_DEVICE/Target/usbd_conf.o
 .debug_frame   0x0000000000002710       0x2c /opt/st/stm32cubeide_1.1.0/plugins/com.st.stm32cube.ide.mcu.externaltools.gnu-tools-for-stm32.7-2018-q2-update.linux64_1.0.0.201904181610/tools/bin/../lib/gcc/arm-none-eabi/7.3.1/../../../../arm-none-eabi/lib/thumb/v7-m/libc_nano.a(lib_a-init.o)
 .debug_frame   0x000000000000273c       0x20 /opt/st/stm32cubeide_1.1.0/plugins/com.st.stm32cube.ide.mcu.externaltools.gnu-tools-for-stm32.7-2018-q2-update.linux64_1.0.0.201904181610/tools/bin/../lib/gcc/arm-none-eabi/7.3.1/../../../../arm-none-eabi/lib/thumb/v7-m/libc_nano.a(lib_a-memset.o)
